=== Testing Image Helper ===

Test 1: Short ID (17 chars)
  Input: https://drive.google.com/uc?export=view&id=1SOE1iD0geRug7XJ2
  Output: https://drive.google.com/thumbnail?id=1SOE1iD0geRug7XJ2&sz=w1000
  Expected: https://drive.google.com/thumbnail?id=1SOE1iD0geRug7XJ2&sz=w1000

Test 2: Dashed ID
  Input: https://drive.google.com/file/d/1-ABC_123-XYZ_789/view
  Output: https://drive.google.com/thumbnail?id=1-ABC_123-XYZ_789&sz=w1000
  Expected: https://drive.google.com/thumbnail?id=1-ABC_123-XYZ_789&sz=w1000

Test 3: Non-Drive URL
  Input: https://example.com/image.jpg
  Output: https://example.com/image.jpg
  Expected: https://example.com/image.jpg

Test 4: Random string
  Input: Just a filename.jpg
  Output: /no-image.png
  Expected: /no-image.png

Test 5: googleusercontent URL
  Input: https://lh3.googleusercontent.com/d/1SOE1iD0geRug7XJ2
  Output: https://drive.google.com/thumbnail?id=googleusercontent&sz=w1000
  Expected: https://drive.google.com/thumbnail?id=1SOE1iD0geRug7XJ2&sz=w1000
